﻿
> rest-express@1.0.0 build
> npx vite build client

[36mvite v7.3.0 [32mbuilding client environment for production...[36m[39m
transforming...
node.exe : 
[33mnode_modules/framer-motion/dist/es/index.mjs 
(1:0): Module level directives cause errors when 
bundled, "use client" in 
"node_modules/framer-motion/dist/es/index.mjs" was 
ignored.[39m
At C:\Program Files\nodejs\npm.ps1:29 char:3
+   & $NODE_EXE $NPM_CLI_JS $args
+   ~~~~~~~~~~~~~~~~~~~~~~~~~~~~~
    + CategoryInfo          : NotSpecified: ([33mnode 
   _modul...s ignored.[39m:String) [], RemoteExcepti  
  on
    + FullyQualifiedErrorId : NativeCommandError
 
[32mΓ£ô[39m 32 modules transformed.
[31mΓ£ù[39m Build failed in 2.58s
[31merror during build:
[31m[vite]: Rollup failed to resolve import 
"@/lib/data" from "C:/Projects/Portfolio/Sumanth-Portfo
lio/client/src/hooks/use-content.ts".
This is most likely unintended because it can break 
your application at runtime.
If you do want to externalize this module explicitly 
add it to
`build.rollupOptions.external`[31m
    at viteLog (file:///C:/Projects/Portfolio/Sumanth-P
ortfolio/node_modules/vite/dist/node/chunks/config.js:3
3634:57)
    at onRollupLog (file:///C:/Projects/Portfolio/Suman
th-Portfolio/node_modules/vite/dist/node/chunks/config.
js:33664:7)
    at onLog (file:///C:/Projects/Portfolio/Sumanth-Por
tfolio/node_modules/vite/dist/node/chunks/config.js:334
66:4)
    at file:///C:/Projects/Portfolio/Sumanth-Portfolio/
node_modules/rollup/dist/es/shared/node-entry.js:21004:
32
    at Object.logger [as onLog] (file:///C:/Projects/Po
rtfolio/Sumanth-Portfolio/node_modules/rollup/dist/es/s
hared/node-entry.js:22891:9)
    at ModuleLoader.handleInvalidResolvedId (file:///C:
/Projects/Portfolio/Sumanth-Portfolio/node_modules/roll
up/dist/es/shared/node-entry.js:21635:26)
    at file:///C:/Projects/Portfolio/Sumanth-Portfolio/
node_modules/rollup/dist/es/shared/node-entry.js:21593:
26[39m
